<testsuites id="" name="" tests="31" failures="18" skipped="0" errors="0" time="145.62958300000003">
<testsuite name="document-upload.spec.ts" timestamp="2026-02-02T02:42:26.085Z" hostname="chromium" tests="31" failures="18" skipped="0" time="127.152" errors="0">
<testcase name="Document Upload - Basic Operations › should upload valid TEI document" classname="document-upload.spec.ts" time="6.959">
<failure message="document-upload.spec.ts:37:7 should upload valid TEI document" type="FAILURE">
<![CDATA[  [chromium] › document-upload.spec.ts:37:7 › Document Upload - Basic Operations › should upload valid TEI document 

    Error: expect(locator).toBeVisible() failed

    Locator: locator('[id^="passage-"]')
    Expected: visible
    Timeout: 5000ms
    Error: element(s) not found

    Call log:
      - Expect "toBeVisible" with timeout 5000ms
      - waiting for locator('[id^="passage-"]')


      53 |
      54 |     // Verify document loaded successfully
    > 55 |     await expect(page.locator('[id^="passage-"]')).toBeVisible({ timeout: TIMEOUTS.ELEMENT_VISIBLE });
         |                                                    ^
      56 |     const passages = page.locator('[id^="passage-"]');
      57 |     await expect(passages).toHaveCount(5);
      58 |   });
        at /home/bor/Projects/tei-xml/tests/e2e/document-upload.spec.ts:55:52

    attachment #1: screenshot (image/png) ──────────────────────────────────────────────────────────
    ../../test-results/document-upload-Document-U-febb5-d-upload-valid-TEI-document-chromium/test-failed-1.png
    ────────────────────────────────────────────────────────────────────────────────────────────────

    Error Context: ../../test-results/document-upload-Document-U-febb5-d-upload-valid-TEI-document-chromium/error-context.md
]]>
</failure>
<system-out>
<![CDATA[
[[ATTACHMENT|document-upload-Document-U-febb5-d-upload-valid-TEI-document-chromium/test-failed-1.png]]

[[ATTACHMENT|document-upload-Document-U-febb5-d-upload-valid-TEI-document-chromium/error-context.md]]
]]>
</system-out>
<system-err>
<![CDATA[Skipping host requirements validation logic because `PLAYWRIGHT_SKIP_VALIDATE_HOST_REQUIREMENTS` env variable is set.
]]>
</system-err>
</testcase>
<testcase name="Document Upload - Basic Operations › should reject non-XML file (.txt)" classname="document-upload.spec.ts" time="1.626">
<system-err>
<![CDATA[Skipping host requirements validation logic because `PLAYWRIGHT_SKIP_VALIDATE_HOST_REQUIREMENTS` env variable is set.
]]>
</system-err>
</testcase>
<testcase name="Document Upload - Basic Operations › should reject non-XML file (.json)" classname="document-upload.spec.ts" time="1.364">
</testcase>
<testcase name="Document Upload - Basic Operations › should reject binary file (.jpg)" classname="document-upload.spec.ts" time="1.41">
</testcase>
<testcase name="Document Upload - Basic Operations › should show loading indicator during upload" classname="document-upload.spec.ts" time="0.978">
</testcase>
<testcase name="Document Upload - Basic Operations › should handle rapid file uploads" classname="document-upload.spec.ts" time="5.902">
<failure message="document-upload.spec.ts:124:7 should handle rapid file uploads" type="FAILURE">
<![CDATA[  [chromium] › document-upload.spec.ts:124:7 › Document Upload - Basic Operations › should handle rapid file uploads 

    Error: expect(locator).toHaveCount(expected) failed

    Locator:  locator('[id^="passage-"]')
    Expected: 3
    Received: 0
    Timeout:  5000ms

    Call log:
      - Expect "toHaveCount" with timeout 5000ms
      - waiting for locator('[id^="passage-"]')
        9 × locator resolved to 0 elements
          - unexpected value "0"


      137 |     await fileInput.setInputFiles(tempPath1);
      138 |     await page.waitForLoadState('networkidle');
    > 139 |     await expect(page.locator('[id^="passage-"]')).toHaveCount(3);
          |                                                    ^
      140 |
      141 |     // Upload second file immediately after
      142 |     await fileInput.setInputFiles(tempPath2);
        at /home/bor/Projects/tei-xml/tests/e2e/document-upload.spec.ts:139:52

    attachment #1: screenshot (image/png) ──────────────────────────────────────────────────────────
    ../../test-results/document-upload-Document-U-76e5b-d-handle-rapid-file-uploads-chromium/test-failed-1.png
    ────────────────────────────────────────────────────────────────────────────────────────────────

    Error Context: ../../test-results/document-upload-Document-U-76e5b-d-handle-rapid-file-uploads-chromium/error-context.md
]]>
</failure>
<system-out>
<![CDATA[
[[ATTACHMENT|document-upload-Document-U-76e5b-d-handle-rapid-file-uploads-chromium/test-failed-1.png]]

[[ATTACHMENT|document-upload-Document-U-76e5b-d-handle-rapid-file-uploads-chromium/error-context.md]]
]]>
</system-out>
</testcase>
<testcase name="TEI Format Variants › should handle TEI with namespace declarations" classname="document-upload.spec.ts" time="5.945">
<failure message="document-upload.spec.ts:158:7 should handle TEI with namespace declarations" type="FAILURE">
<![CDATA[  [chromium] › document-upload.spec.ts:158:7 › TEI Format Variants › should handle TEI with namespace declarations 

    Error: expect(locator).toBeVisible() failed

    Locator: locator('[id^="passage-"]')
    Expected: visible
    Timeout: 5000ms
    Error: element(s) not found

    Call log:
      - Expect "toBeVisible" with timeout 5000ms
      - waiting for locator('[id^="passage-"]')


      170 |
      171 |     await page.waitForLoadState('networkidle');
    > 172 |     await expect(page.locator('[id^="passage-"]')).toBeVisible();
          |                                                    ^
      173 |     const passages = page.locator('[id^="passage-"]');
      174 |     await expect(passages).toHaveCount(5);
      175 |   });
        at /home/bor/Projects/tei-xml/tests/e2e/document-upload.spec.ts:172:52

    attachment #1: screenshot (image/png) ──────────────────────────────────────────────────────────
    ../../test-results/document-upload-TEI-Format-dd049-with-namespace-declarations-chromium/test-failed-1.png
    ────────────────────────────────────────────────────────────────────────────────────────────────

    Error Context: ../../test-results/document-upload-TEI-Format-dd049-with-namespace-declarations-chromium/error-context.md
]]>
</failure>
<system-out>
<![CDATA[
[[ATTACHMENT|document-upload-TEI-Format-dd049-with-namespace-declarations-chromium/test-failed-1.png]]

[[ATTACHMENT|document-upload-TEI-Format-dd049-with-namespace-declarations-chromium/error-context.md]]
]]>
</system-out>
<system-err>
<![CDATA[Skipping host requirements validation logic because `PLAYWRIGHT_SKIP_VALIDATE_HOST_REQUIREMENTS` env variable is set.
]]>
</system-err>
</testcase>
<testcase name="TEI Format Variants › should handle TEI without namespace (backward compatibility)" classname="document-upload.spec.ts" time="5.987">
<failure message="document-upload.spec.ts:177:7 should handle TEI without namespace (backward compatibility)" type="FAILURE">
<![CDATA[  [chromium] › document-upload.spec.ts:177:7 › TEI Format Variants › should handle TEI without namespace (backward compatibility) 

    Error: expect(locator).toBeVisible() failed

    Locator: locator('[id^="passage-"]')
    Expected: visible
    Timeout: 5000ms
    Error: element(s) not found

    Call log:
      - Expect "toBeVisible" with timeout 5000ms
      - waiting for locator('[id^="passage-"]')


      189 |
      190 |     await page.waitForLoadState('networkidle');
    > 191 |     await expect(page.locator('[id^="passage-"]')).toBeVisible();
          |                                                    ^
      192 |     const passages = page.locator('[id^="passage-"]');
      193 |     await expect(passages).toHaveCount(5);
      194 |   });
        at /home/bor/Projects/tei-xml/tests/e2e/document-upload.spec.ts:191:52

    attachment #1: screenshot (image/png) ──────────────────────────────────────────────────────────
    ../../test-results/document-upload-TEI-Format-abf66-ace-backward-compatibility--chromium/test-failed-1.png
    ────────────────────────────────────────────────────────────────────────────────────────────────

    Error Context: ../../test-results/document-upload-TEI-Format-abf66-ace-backward-compatibility--chromium/error-context.md
]]>
</failure>
<system-out>
<![CDATA[
[[ATTACHMENT|document-upload-TEI-Format-abf66-ace-backward-compatibility--chromium/test-failed-1.png]]

[[ATTACHMENT|document-upload-TEI-Format-abf66-ace-backward-compatibility--chromium/error-context.md]]
]]>
</system-out>
<system-err>
<![CDATA[Skipping host requirements validation logic because `PLAYWRIGHT_SKIP_VALIDATE_HOST_REQUIREMENTS` env variable is set.
]]>
</system-err>
</testcase>
<testcase name="TEI Format Variants › should handle TEI without XML declaration" classname="document-upload.spec.ts" time="5.995">
<failure message="document-upload.spec.ts:196:7 should handle TEI without XML declaration" type="FAILURE">
<![CDATA[  [chromium] › document-upload.spec.ts:196:7 › TEI Format Variants › should handle TEI without XML declaration 

    Error: expect(locator).toBeVisible() failed

    Locator: locator('[id^="passage-"]')
    Expected: visible
    Timeout: 5000ms
    Error: element(s) not found

    Call log:
      - Expect "toBeVisible" with timeout 5000ms
      - waiting for locator('[id^="passage-"]')


      208 |
      209 |     await page.waitForLoadState('networkidle');
    > 210 |     await expect(page.locator('[id^="passage-"]')).toBeVisible();
          |                                                    ^
      211 |     await expect(page.locator('[id^="passage-"]')).toHaveCount(3);
      212 |   });
      213 |
        at /home/bor/Projects/tei-xml/tests/e2e/document-upload.spec.ts:210:52

    attachment #1: screenshot (image/png) ──────────────────────────────────────────────────────────
    ../../test-results/document-upload-TEI-Format-e8d87-TEI-without-XML-declaration-chromium/test-failed-1.png
    ────────────────────────────────────────────────────────────────────────────────────────────────

    Error Context: ../../test-results/document-upload-TEI-Format-e8d87-TEI-without-XML-declaration-chromium/error-context.md
]]>
</failure>
<system-out>
<![CDATA[
[[ATTACHMENT|document-upload-TEI-Format-e8d87-TEI-without-XML-declaration-chromium/test-failed-1.png]]

[[ATTACHMENT|document-upload-TEI-Format-e8d87-TEI-without-XML-declaration-chromium/error-context.md]]
]]>
</system-out>
<system-err>
<![CDATA[Skipping host requirements validation logic because `PLAYWRIGHT_SKIP_VALIDATE_HOST_REQUIREMENTS` env variable is set.
]]>
</system-err>
</testcase>
<testcase name="TEI Format Variants › should handle TEI with custom header metadata" classname="document-upload.spec.ts" time="5.943">
<failure message="document-upload.spec.ts:214:7 should handle TEI with custom header metadata" type="FAILURE">
<![CDATA[  [chromium] › document-upload.spec.ts:214:7 › TEI Format Variants › should handle TEI with custom header metadata 

    Error: expect(locator).toBeVisible() failed

    Locator: locator('[id^="passage-"]')
    Expected: visible
    Timeout: 5000ms
    Error: element(s) not found

    Call log:
      - Expect "toBeVisible" with timeout 5000ms
      - waiting for locator('[id^="passage-"]')


      236 |
      237 |     await page.waitForLoadState('networkidle');
    > 238 |     await expect(page.locator('[id^="passage-"]')).toBeVisible();
          |                                                    ^
      239 |     await expect(page.locator('[id^="passage-"]')).toHaveCount(1);
      240 |   });
      241 |
        at /home/bor/Projects/tei-xml/tests/e2e/document-upload.spec.ts:238:52

    attachment #1: screenshot (image/png) ──────────────────────────────────────────────────────────
    ../../test-results/document-upload-TEI-Format-4275b-with-custom-header-metadata-chromium/test-failed-1.png
    ────────────────────────────────────────────────────────────────────────────────────────────────

    Error Context: ../../test-results/document-upload-TEI-Format-4275b-with-custom-header-metadata-chromium/error-context.md
]]>
</failure>
<system-out>
<![CDATA[
[[ATTACHMENT|document-upload-TEI-Format-4275b-with-custom-header-metadata-chromium/test-failed-1.png]]

[[ATTACHMENT|document-upload-TEI-Format-4275b-with-custom-header-metadata-chromium/error-context.md]]
]]>
</system-out>
<system-err>
<![CDATA[Skipping host requirements validation logic because `PLAYWRIGHT_SKIP_VALIDATE_HOST_REQUIREMENTS` env variable is set.
]]>
</system-err>
</testcase>
<testcase name="TEI Format Variants › should handle different TEI versions" classname="document-upload.spec.ts" time="5.989">
<failure message="document-upload.spec.ts:242:7 should handle different TEI versions" type="FAILURE">
<![CDATA[  [chromium] › document-upload.spec.ts:242:7 › TEI Format Variants › should handle different TEI versions 

    Error: expect(locator).toBeVisible() failed

    Locator: locator('[id^="passage-"]')
    Expected: visible
    Timeout: 5000ms
    Error: element(s) not found

    Call log:
      - Expect "toBeVisible" with timeout 5000ms
      - waiting for locator('[id^="passage-"]')


      254 |
      255 |     await page.waitForLoadState('networkidle');
    > 256 |     await expect(page.locator('[id^="passage-"]')).toBeVisible();
          |                                                    ^
      257 |   });
      258 | });
      259 |
        at /home/bor/Projects/tei-xml/tests/e2e/document-upload.spec.ts:256:52

    attachment #1: screenshot (image/png) ──────────────────────────────────────────────────────────
    ../../test-results/document-upload-TEI-Format-7f85b-ndle-different-TEI-versions-chromium/test-failed-1.png
    ────────────────────────────────────────────────────────────────────────────────────────────────

    Error Context: ../../test-results/document-upload-TEI-Format-7f85b-ndle-different-TEI-versions-chromium/error-context.md
]]>
</failure>
<system-out>
<![CDATA[
[[ATTACHMENT|document-upload-TEI-Format-7f85b-ndle-different-TEI-versions-chromium/test-failed-1.png]]

[[ATTACHMENT|document-upload-TEI-Format-7f85b-ndle-different-TEI-versions-chromium/error-context.md]]
]]>
</system-out>
<system-err>
<![CDATA[Skipping host requirements validation logic because `PLAYWRIGHT_SKIP_VALIDATE_HOST_REQUIREMENTS` env variable is set.
]]>
</system-err>
</testcase>
<testcase name="Edge Cases › should handle empty document (no passages)" classname="document-upload.spec.ts" time="1.177">
<system-err>
<![CDATA[Skipping host requirements validation logic because `PLAYWRIGHT_SKIP_VALIDATE_HOST_REQUIREMENTS` env variable is set.
]]>
</system-err>
</testcase>
<testcase name="Edge Cases › should handle document with only speakers (no dialogue)" classname="document-upload.spec.ts" time="0.919">
</testcase>
<testcase name="Edge Cases › should handle large document (&gt;100KB)" classname="document-upload.spec.ts" time="0.857">
<failure message="document-upload.spec.ts:311:7 should handle large document (&gt;100KB)" type="FAILURE">
<![CDATA[  [chromium] › document-upload.spec.ts:311:7 › Edge Cases › should handle large document (>100KB) ──

    Error: page.evaluate: TypeError: Failed to resolve module specifier 'fs'
        at eval (eval at evaluate (:290:30), <anonymous>:2:18)
        at UtilityScript.evaluate (<anonymous>:292:16)
        at UtilityScript.<anonymous> (<anonymous>:1:44)
        at eval (eval at evaluate (:290:30), <anonymous>:2:18)
        at UtilityScript.evaluate (<anonymous>:292:16)
        at UtilityScript.<anonymous> (<anonymous>:1:44)
        at /home/bor/Projects/tei-xml/tests/e2e/document-upload.spec.ts:322:33

    attachment #1: screenshot (image/png) ──────────────────────────────────────────────────────────
    ../../test-results/document-upload-Edge-Cases-14ba5-andle-large-document-100KB--chromium/test-failed-1.png
    ────────────────────────────────────────────────────────────────────────────────────────────────

    Error Context: ../../test-results/document-upload-Edge-Cases-14ba5-andle-large-document-100KB--chromium/error-context.md
]]>
</failure>
<system-out>
<![CDATA[
[[ATTACHMENT|document-upload-Edge-Cases-14ba5-andle-large-document-100KB--chromium/test-failed-1.png]]

[[ATTACHMENT|document-upload-Edge-Cases-14ba5-andle-large-document-100KB--chromium/error-context.md]]
]]>
</system-out>
</testcase>
<testcase name="Edge Cases › should handle very large document (&gt;500 passages)" classname="document-upload.spec.ts" time="8.995">
<failure message="document-upload.spec.ts:344:7 should handle very large document (&gt;500 passages)" type="FAILURE">
<![CDATA[  [chromium] › document-upload.spec.ts:344:7 › Edge Cases › should handle very large document (>500 passages) 

    Error: expect(locator).toBeVisible() failed

    Locator: locator('[id^="passage-"]')
    Expected: visible
    Timeout: 5000ms
    Error: element(s) not found

    Call log:
      - Expect "toBeVisible" with timeout 5000ms
      - waiting for locator('[id^="passage-"]')


      358 |
      359 |     // At minimum, should show first passage
    > 360 |     await expect(page.locator('[id^="passage-"]')).toBeVisible({ timeout: TIMEOUTS.ELEMENT_VISIBLE });
          |                                                    ^
      361 |   });
      362 |
      363 |   test('should handle documents with Unicode characters', async ({ page }) => {
        at /home/bor/Projects/tei-xml/tests/e2e/document-upload.spec.ts:360:52

    attachment #1: screenshot (image/png) ──────────────────────────────────────────────────────────
    ../../test-results/document-upload-Edge-Cases-7709b-arge-document-500-passages--chromium/test-failed-1.png
    ────────────────────────────────────────────────────────────────────────────────────────────────

    Error Context: ../../test-results/document-upload-Edge-Cases-7709b-arge-document-500-passages--chromium/error-context.md
]]>
</failure>
<system-out>
<![CDATA[
[[ATTACHMENT|document-upload-Edge-Cases-7709b-arge-document-500-passages--chromium/test-failed-1.png]]

[[ATTACHMENT|document-upload-Edge-Cases-7709b-arge-document-500-passages--chromium/error-context.md]]
]]>
</system-out>
<system-err>
<![CDATA[Skipping host requirements validation logic because `PLAYWRIGHT_SKIP_VALIDATE_HOST_REQUIREMENTS` env variable is set.
]]>
</system-err>
</testcase>
<testcase name="Edge Cases › should handle documents with Unicode characters" classname="document-upload.spec.ts" time="5.928">
<failure message="document-upload.spec.ts:363:7 should handle documents with Unicode characters" type="FAILURE">
<![CDATA[  [chromium] › document-upload.spec.ts:363:7 › Edge Cases › should handle documents with Unicode characters 

    Error: expect(locator).toHaveCount(expected) failed

    Locator:  locator('[id^="passage-"]')
    Expected: 3
    Received: 0
    Timeout:  5000ms

    Call log:
      - Expect "toHaveCount" with timeout 5000ms
      - waiting for locator('[id^="passage-"]')
        8 × locator resolved to 0 elements
          - unexpected value "0"


      379 |     await page.waitForLoadState('networkidle');
      380 |     const passages = page.locator('[id^="passage-"]');
    > 381 |     await expect(passages).toHaveCount(3);
          |                            ^
      382 |
      383 |     // Verify Unicode content is visible
      384 |     await expect(page.locator('[id^="passage-"]')).toContainText(/世界/);
        at /home/bor/Projects/tei-xml/tests/e2e/document-upload.spec.ts:381:28

    attachment #1: screenshot (image/png) ──────────────────────────────────────────────────────────
    ../../test-results/document-upload-Edge-Cases-5c3d0-nts-with-Unicode-characters-chromium/test-failed-1.png
    ────────────────────────────────────────────────────────────────────────────────────────────────

    Error Context: ../../test-results/document-upload-Edge-Cases-5c3d0-nts-with-Unicode-characters-chromium/error-context.md
]]>
</failure>
<system-out>
<![CDATA[
[[ATTACHMENT|document-upload-Edge-Cases-5c3d0-nts-with-Unicode-characters-chromium/test-failed-1.png]]

[[ATTACHMENT|document-upload-Edge-Cases-5c3d0-nts-with-Unicode-characters-chromium/error-context.md]]
]]>
</system-out>
<system-err>
<![CDATA[Skipping host requirements validation logic because `PLAYWRIGHT_SKIP_VALIDATE_HOST_REQUIREMENTS` env variable is set.
]]>
</system-err>
</testcase>
<testcase name="Edge Cases › should handle documents with emoji characters" classname="document-upload.spec.ts" time="5.928">
<failure message="document-upload.spec.ts:387:7 should handle documents with emoji characters" type="FAILURE">
<![CDATA[  [chromium] › document-upload.spec.ts:387:7 › Edge Cases › should handle documents with emoji characters 

    Error: expect(locator).toHaveCount(expected) failed

    Locator:  locator('[id^="passage-"]')
    Expected: 2
    Received: 0
    Timeout:  5000ms

    Call log:
      - Expect "toHaveCount" with timeout 5000ms
      - waiting for locator('[id^="passage-"]')
        8 × locator resolved to 0 elements
          - unexpected value "0"


      402 |     await page.waitForLoadState('networkidle');
      403 |     const passages = page.locator('[id^="passage-"]');
    > 404 |     await expect(passages).toHaveCount(2);
          |                            ^
      405 |
      406 |     // Verify emoji content is visible
      407 |     await expect(page.locator('[id^="passage-"]')).toContainText(/😊/);
        at /home/bor/Projects/tei-xml/tests/e2e/document-upload.spec.ts:404:28

    attachment #1: screenshot (image/png) ──────────────────────────────────────────────────────────
    ../../test-results/document-upload-Edge-Cases-93440-ments-with-emoji-characters-chromium/test-failed-1.png
    ────────────────────────────────────────────────────────────────────────────────────────────────

    Error Context: ../../test-results/document-upload-Edge-Cases-93440-ments-with-emoji-characters-chromium/error-context.md
]]>
</failure>
<system-out>
<![CDATA[
[[ATTACHMENT|document-upload-Edge-Cases-93440-ments-with-emoji-characters-chromium/test-failed-1.png]]

[[ATTACHMENT|document-upload-Edge-Cases-93440-ments-with-emoji-characters-chromium/error-context.md]]
]]>
</system-out>
<system-err>
<![CDATA[Skipping host requirements validation logic because `PLAYWRIGHT_SKIP_VALIDATE_HOST_REQUIREMENTS` env variable is set.
]]>
</system-err>
</testcase>
<testcase name="Edge Cases › should handle documents with special XML characters" classname="document-upload.spec.ts" time="5.963">
<failure message="document-upload.spec.ts:410:7 should handle documents with special XML characters" type="FAILURE">
<![CDATA[  [chromium] › document-upload.spec.ts:410:7 › Edge Cases › should handle documents with special XML characters 

    Error: expect(locator).toHaveCount(expected) failed

    Locator:  locator('[id^="passage-"]')
    Expected: 2
    Received: 0
    Timeout:  5000ms

    Call log:
      - Expect "toHaveCount" with timeout 5000ms
      - waiting for locator('[id^="passage-"]')
        8 × locator resolved to 0 elements
          - unexpected value "0"


      425 |     await page.waitForLoadState('networkidle');
      426 |     const passages = page.locator('[id^="passage-"]');
    > 427 |     await expect(passages).toHaveCount(2);
          |                            ^
      428 |   });
      429 |
      430 |   test('should handle documents with nested XML structures', async ({ page }) => {
        at /home/bor/Projects/tei-xml/tests/e2e/document-upload.spec.ts:427:28

    attachment #1: screenshot (image/png) ──────────────────────────────────────────────────────────
    ../../test-results/document-upload-Edge-Cases-11d78-with-special-XML-characters-chromium/test-failed-1.png
    ────────────────────────────────────────────────────────────────────────────────────────────────

    Error Context: ../../test-results/document-upload-Edge-Cases-11d78-with-special-XML-characters-chromium/error-context.md
]]>
</failure>
<system-out>
<![CDATA[
[[ATTACHMENT|document-upload-Edge-Cases-11d78-with-special-XML-characters-chromium/test-failed-1.png]]

[[ATTACHMENT|document-upload-Edge-Cases-11d78-with-special-XML-characters-chromium/error-context.md]]
]]>
</system-out>
<system-err>
<![CDATA[Skipping host requirements validation logic because `PLAYWRIGHT_SKIP_VALIDATE_HOST_REQUIREMENTS` env variable is set.
]]>
</system-err>
</testcase>
<testcase name="Edge Cases › should handle documents with nested XML structures" classname="document-upload.spec.ts" time="5.926">
<failure message="document-upload.spec.ts:430:7 should handle documents with nested XML structures" type="FAILURE">
<![CDATA[  [chromium] › document-upload.spec.ts:430:7 › Edge Cases › should handle documents with nested XML structures 

    Error: expect(locator).toBeVisible() failed

    Locator: locator('[id^="passage-"]')
    Expected: visible
    Timeout: 5000ms
    Error: element(s) not found

    Call log:
      - Expect "toBeVisible" with timeout 5000ms
      - waiting for locator('[id^="passage-"]')


      446 |
      447 |     await page.waitForLoadState('networkidle');
    > 448 |     await expect(page.locator('[id^="passage-"]')).toBeVisible();
          |                                                    ^
      449 |   });
      450 |
      451 |   test('should handle document with multiple paragraphs per passage', async ({ page }) => {
        at /home/bor/Projects/tei-xml/tests/e2e/document-upload.spec.ts:448:52

    attachment #1: screenshot (image/png) ──────────────────────────────────────────────────────────
    ../../test-results/document-upload-Edge-Cases-c5bc9--with-nested-XML-structures-chromium/test-failed-1.png
    ────────────────────────────────────────────────────────────────────────────────────────────────

    Error Context: ../../test-results/document-upload-Edge-Cases-c5bc9--with-nested-XML-structures-chromium/error-context.md
]]>
</failure>
<system-out>
<![CDATA[
[[ATTACHMENT|document-upload-Edge-Cases-c5bc9--with-nested-XML-structures-chromium/test-failed-1.png]]

[[ATTACHMENT|document-upload-Edge-Cases-c5bc9--with-nested-XML-structures-chromium/error-context.md]]
]]>
</system-out>
<system-err>
<![CDATA[Skipping host requirements validation logic because `PLAYWRIGHT_SKIP_VALIDATE_HOST_REQUIREMENTS` env variable is set.
]]>
</system-err>
</testcase>
<testcase name="Edge Cases › should handle document with multiple paragraphs per passage" classname="document-upload.spec.ts" time="5.983">
<failure message="document-upload.spec.ts:451:7 should handle document with multiple paragraphs per passage" type="FAILURE">
<![CDATA[  [chromium] › document-upload.spec.ts:451:7 › Edge Cases › should handle document with multiple paragraphs per passage 

    Error: expect(locator).toHaveCount(expected) failed

    Locator:  locator('[id^="passage-"]')
    Expected: 3
    Received: 0
    Timeout:  5000ms

    Call log:
      - Expect "toHaveCount" with timeout 5000ms
      - waiting for locator('[id^="passage-"]')
        8 × locator resolved to 0 elements
          - unexpected value "0"


      467 |     await page.waitForLoadState('networkidle');
      468 |     const passages = page.locator('[id^="passage-"]');
    > 469 |     await expect(passages).toHaveCount(3);
          |                            ^
      470 |   });
      471 | });
      472 |
        at /home/bor/Projects/tei-xml/tests/e2e/document-upload.spec.ts:469:28

    attachment #1: screenshot (image/png) ──────────────────────────────────────────────────────────
    ../../test-results/document-upload-Edge-Cases-500ea-iple-paragraphs-per-passage-chromium/test-failed-1.png
    ────────────────────────────────────────────────────────────────────────────────────────────────

    Error Context: ../../test-results/document-upload-Edge-Cases-500ea-iple-paragraphs-per-passage-chromium/error-context.md
]]>
</failure>
<system-out>
<![CDATA[
[[ATTACHMENT|document-upload-Edge-Cases-500ea-iple-paragraphs-per-passage-chromium/test-failed-1.png]]

[[ATTACHMENT|document-upload-Edge-Cases-500ea-iple-paragraphs-per-passage-chromium/error-context.md]]
]]>
</system-out>
<system-err>
<![CDATA[Skipping host requirements validation logic because `PLAYWRIGHT_SKIP_VALIDATE_HOST_REQUIREMENTS` env variable is set.
]]>
</system-err>
</testcase>
<testcase name="Validation and Error Handling › should detect malformed XML with unclosed tag" classname="document-upload.spec.ts" time="1.386">
<system-err>
<![CDATA[Skipping host requirements validation logic because `PLAYWRIGHT_SKIP_VALIDATE_HOST_REQUIREMENTS` env variable is set.
]]>
</system-err>
</testcase>
<testcase name="Validation and Error Handling › should detect malformed XML with invalid entities" classname="document-upload.spec.ts" time="0.978">
</testcase>
<testcase name="Validation and Error Handling › should detect missing root element" classname="document-upload.spec.ts" time="1.139">
</testcase>
<testcase name="Validation and Error Handling › should reject completely empty file" classname="document-upload.spec.ts" time="1.369">
</testcase>
<testcase name="Validation and Error Handling › should reject file with only whitespace" classname="document-upload.spec.ts" time="1.365">
</testcase>
<testcase name="Validation and Error Handling › should validate required TEI elements" classname="document-upload.spec.ts" time="0.925">
</testcase>
<testcase name="Validation and Error Handling › should handle XML with encoding issues" classname="document-upload.spec.ts" time="0.958">
</testcase>
<testcase name="Upload UI Interactions › should preserve document state after failed upload attempt" classname="document-upload.spec.ts" time="5.846">
<failure message="document-upload.spec.ts:583:7 should preserve document state after failed upload attempt" type="FAILURE">
<![CDATA[  [chromium] › document-upload.spec.ts:583:7 › Upload UI Interactions › should preserve document state after failed upload attempt 

    Error: expect(locator).toHaveCount(expected) failed

    Locator:  locator('[id^="passage-"]')
    Expected: 3
    Received: 0
    Timeout:  5000ms

    Call log:
      - Expect "toHaveCount" with timeout 5000ms
      - waiting for locator('[id^="passage-"]')
        9 × locator resolved to 0 elements
          - unexpected value "0"


      594 |
      595 |     await page.waitForLoadState('networkidle');
    > 596 |     await expect(page.locator('[id^="passage-"]')).toHaveCount(3);
          |                                                    ^
      597 |
      598 |     // Try to upload invalid file
      599 |     const tempPath = join(process.cwd(), 'invalid.xml');
        at /home/bor/Projects/tei-xml/tests/e2e/document-upload.spec.ts:596:52

    attachment #1: screenshot (image/png) ──────────────────────────────────────────────────────────
    ../../test-results/document-upload-Upload-UI--3ed82-after-failed-upload-attempt-chromium/test-failed-1.png
    ────────────────────────────────────────────────────────────────────────────────────────────────

    Error Context: ../../test-results/document-upload-Upload-UI--3ed82-after-failed-upload-attempt-chromium/error-context.md
]]>
</failure>
<system-out>
<![CDATA[
[[ATTACHMENT|document-upload-Upload-UI--3ed82-after-failed-upload-attempt-chromium/test-failed-1.png]]

[[ATTACHMENT|document-upload-Upload-UI--3ed82-after-failed-upload-attempt-chromium/error-context.md]]
]]>
</system-out>
</testcase>
<testcase name="Upload UI Interactions › should allow re-uploading different documents" classname="document-upload.spec.ts" time="5.96">
<failure message="document-upload.spec.ts:612:7 should allow re-uploading different documents" type="FAILURE">
<![CDATA[  [chromium] › document-upload.spec.ts:612:7 › Upload UI Interactions › should allow re-uploading different documents 

    Error: expect(locator).toHaveCount(expected) failed

    Locator:  locator('[id^="passage-"]')
    Expected: 2
    Received: 0
    Timeout:  5000ms

    Call log:
      - Expect "toHaveCount" with timeout 5000ms
      - waiting for locator('[id^="passage-"]')
        8 × locator resolved to 0 elements
          - unexpected value "0"


      628 |
      629 |     await page.waitForLoadState('networkidle');
    > 630 |     await expect(page.locator('[id^="passage-"]')).toHaveCount(2);
          |                                                    ^
      631 |
      632 |     // Upload second document (should replace first)
      633 |     await uploadTestDocument(page, {
        at /home/bor/Projects/tei-xml/tests/e2e/document-upload.spec.ts:630:52

    attachment #1: screenshot (image/png) ──────────────────────────────────────────────────────────
    ../../test-results/document-upload-Upload-UI--d31ad-loading-different-documents-chromium/test-failed-1.png
    ────────────────────────────────────────────────────────────────────────────────────────────────

    Error Context: ../../test-results/document-upload-Upload-UI--d31ad-loading-different-documents-chromium/error-context.md
]]>
</failure>
<system-out>
<![CDATA[
[[ATTACHMENT|document-upload-Upload-UI--d31ad-loading-different-documents-chromium/test-failed-1.png]]

[[ATTACHMENT|document-upload-Upload-UI--d31ad-loading-different-documents-chromium/error-context.md]]
]]>
</system-out>
<system-err>
<![CDATA[Skipping host requirements validation logic because `PLAYWRIGHT_SKIP_VALIDATE_HOST_REQUIREMENTS` env variable is set.
]]>
</system-err>
</testcase>
<testcase name="Performance and Stress Tests › should handle document with 1000 passages" classname="document-upload.spec.ts" time="8.955">
<failure message="document-upload.spec.ts:649:7 should handle document with 1000 passages" type="FAILURE">
<![CDATA[  [chromium] › document-upload.spec.ts:649:7 › Performance and Stress Tests › should handle document with 1000 passages 

    Error: expect(locator).toBeVisible() failed

    Locator: locator('[id^="passage-"]')
    Expected: visible
    Timeout: 5000ms
    Error: element(s) not found

    Call log:
      - Expect "toBeVisible" with timeout 5000ms
      - waiting for locator('[id^="passage-"]')


      669 |
      670 |     // Should at least render first passage
    > 671 |     await expect(page.locator('[id^="passage-"]')).toBeVisible({ timeout: TIMEOUTS.ELEMENT_VISIBLE });
          |                                                    ^
      672 |   });
      673 |
      674 |   test('should handle multiple rapid uploads without memory issues', async ({ page }) => {
        at /home/bor/Projects/tei-xml/tests/e2e/document-upload.spec.ts:671:52

    attachment #1: screenshot (image/png) ──────────────────────────────────────────────────────────
    ../../test-results/document-upload-Performanc-262de-document-with-1000-passages-chromium/test-failed-1.png
    ────────────────────────────────────────────────────────────────────────────────────────────────

    Error Context: ../../test-results/document-upload-Performanc-262de-document-with-1000-passages-chromium/error-context.md
]]>
</failure>
<system-out>
<![CDATA[
[[ATTACHMENT|document-upload-Performanc-262de-document-with-1000-passages-chromium/test-failed-1.png]]

[[ATTACHMENT|document-upload-Performanc-262de-document-with-1000-passages-chromium/error-context.md]]
]]>
</system-out>
<system-err>
<![CDATA[Skipping host requirements validation logic because `PLAYWRIGHT_SKIP_VALIDATE_HOST_REQUIREMENTS` env variable is set.
]]>
</system-err>
</testcase>
<testcase name="Performance and Stress Tests › should handle multiple rapid uploads without memory issues" classname="document-upload.spec.ts" time="8.497">
<failure message="document-upload.spec.ts:674:7 should handle multiple rapid uploads without memory issues" type="FAILURE">
<![CDATA[  [chromium] › document-upload.spec.ts:674:7 › Performance and Stress Tests › should handle multiple rapid uploads without memory issues 

    Error: expect(locator).toBeVisible() failed

    Locator: locator('[id^="passage-"]')
    Expected: visible
    Timeout: 5000ms
    Error: element(s) not found

    Call log:
      - Expect "toBeVisible" with timeout 5000ms
      - waiting for locator('[id^="passage-"]')


      693 |     // Final document should be loaded correctly
      694 |     const passages = page.locator('[id^="passage-"]');
    > 695 |     await expect(passages).toBeVisible({ timeout: TIMEOUTS.ELEMENT_VISIBLE });
          |                            ^
      696 |   });
      697 | });
      698 |
        at /home/bor/Projects/tei-xml/tests/e2e/document-upload.spec.ts:695:28

    attachment #1: screenshot (image/png) ──────────────────────────────────────────────────────────
    ../../test-results/document-upload-Performanc-421cc-loads-without-memory-issues-chromium/test-failed-1.png
    ────────────────────────────────────────────────────────────────────────────────────────────────

    Error Context: ../../test-results/document-upload-Performanc-421cc-loads-without-memory-issues-chromium/error-context.md
]]>
</failure>
<system-out>
<![CDATA[
[[ATTACHMENT|document-upload-Performanc-421cc-loads-without-memory-issues-chromium/test-failed-1.png]]

[[ATTACHMENT|document-upload-Performanc-421cc-loads-without-memory-issues-chromium/error-context.md]]
]]>
</system-out>
<system-err>
<![CDATA[Skipping host requirements validation logic because `PLAYWRIGHT_SKIP_VALIDATE_HOST_REQUIREMENTS` env variable is set.
]]>
</system-err>
</testcase>
</testsuite>
</testsuites>